// Jest Snapshot v1, https://goo.gl/fbAQLP

exports[`matches snapshot 1`] = `
<div
  className="nav"
>
  <div
    className="logo"
  >
    depiktor
  </div>
</div>
`;
